// Jest Snapshot v1, https://goo.gl/fbAQLP

exports[`aaaa 1`] = `
<div
  className="aaa"
>
  <form
    onSubmit={[Function]}
  >
    <input />
    <button
      type="submit"
    >
      Add Todo
    </button>
  </form>
</div>
`;
